app/sitemap/page.tsx(87,31): error TS2339: Property 'external' does not exist on type '{ name: string; url: string; description: string; } | { name: string; url: string; description: string; external: boolean; }'.
  Property 'external' does not exist on type '{ name: string; url: string; description: string; }'.
app/sitemap/page.tsx(98,38): error TS2339: Property 'external' does not exist on type '{ name: string; url: string; description: string; } | { name: string; url: string; description: string; external: boolean; }'.
  Property 'external' does not exist on type '{ name: string; url: string; description: string; }'.
app/sitemap/page.tsx(99,35): error TS2339: Property 'external' does not exist on type '{ name: string; url: string; description: string; } | { name: string; url: string; description: string; external: boolean; }'.
  Property 'external' does not exist on type '{ name: string; url: string; description: string; }'.
app/tools/ai-content-generator/page.tsx(72,32): error TS7006: Parameter 'type' implicitly has an 'any' type.
app/tools/ai-content-generator/page.tsx(72,38): error TS7006: Parameter 'topic' implicitly has an 'any' type.
app/tools/ai-content-generator/page.tsx(72,45): error TS7006: Parameter 'keywords' implicitly has an 'any' type.
app/tools/ai-content-generator/page.tsx(72,55): error TS7006: Parameter 'tone' implicitly has an 'any' type.
app/tools/ai-content-generator/page.tsx(72,61): error TS7006: Parameter 'length' implicitly has an 'any' type.
app/tools/ai-content-generator/page.tsx(242,12): error TS7053: Element implicitly has an 'any' type because expression of type 'any' can't be used to index type '{ blog: string; social: string; marketing: string; seo: string; creative: string; }'.
app/tools/ai-content-generator/page.tsx(245,28): error TS7006: Parameter 'text' implicitly has an 'any' type.
app/tools/case-converter/page.tsx(16,24): error TS7006: Parameter 'type' implicitly has an 'any' type.
app/tools/case-converter/page.tsx(71,28): error TS7006: Parameter 'text' implicitly has an 'any' type.
app/tools/css-unit-converter/page.tsx(126,28): error TS7006: Parameter 'text' implicitly has an 'any' type.
app/tools/emi-calculator/page.tsx(27,9): error TS2353: Object literal may only specify known properties, and 'emi' does not exist in type '(prevState: null) => null'.
app/tools/emi-calculator/page.tsx(136,36): error TS2339: Property 'emi' does not exist on type 'never'.
app/tools/emi-calculator/page.tsx(148,70): error TS2339: Property 'totalAmount' does not exist on type 'never'.
app/tools/emi-calculator/page.tsx(156,70): error TS2339: Property 'totalInterest' does not exist on type 'never'.
app/tools/gst-calculator/page.tsx(37,9): error TS2353: Object literal may only specify known properties, and 'originalAmount' does not exist in type '(prevState: null) => null'.
app/tools/gst-calculator/page.tsx(154,36): error TS2339: Property 'totalAmount' does not exist on type 'never'.
app/tools/gst-calculator/page.tsx(166,70): error TS2339: Property 'originalAmount' does not exist on type 'never'.
app/tools/gst-calculator/page.tsx(172,77): error TS2339: Property 'gstRate' does not exist on type 'never'.
app/tools/gst-calculator/page.tsx(174,70): error TS2339: Property 'gstAmount' does not exist on type 'never'.
app/tools/gst-calculator/page.tsx(182,70): error TS2339: Property 'totalAmount' does not exist on type 'never'.
app/tools/percentage-calculator/page.tsx(28,11): error TS2353: Object literal may only specify known properties, and 'type' does not exist in type '(prevState: null) => null'.
app/tools/percentage-calculator/page.tsx(41,11): error TS2353: Object literal may only specify known properties, and 'type' does not exist in type '(prevState: null) => null'.
app/tools/percentage-calculator/page.tsx(53,11): error TS2353: Object literal may only specify known properties, and 'type' does not exist in type '(prevState: null) => null'.
app/tools/percentage-calculator/page.tsx(221,29): error TS2339: Property 'type' does not exist on type 'never'.
app/tools/percentage-calculator/page.tsx(226,39): error TS2339: Property 'percentage' does not exist on type 'never'.
app/tools/percentage-calculator/page.tsx(228,90): error TS2339: Property 'original' does not exist on type 'never'.
app/tools/percentage-calculator/page.tsx(235,73): error TS2339: Property 'result' does not exist on type 'never'.
app/tools/percentage-calculator/page.tsx(239,73): error TS2339: Property 'total' does not exist on type 'never'.
app/tools/percentage-calculator/page.tsx(245,29): error TS2339: Property 'type' does not exist on type 'never'.
app/tools/percentage-calculator/page.tsx(247,66): error TS2339: Property 'isIncrease' does not exist on type 'never'.
app/tools/percentage-calculator/page.tsx(249,79): error TS2339: Property 'isIncrease' does not exist on type 'never'.
app/tools/percentage-calculator/page.tsx(250,39): error TS2339: Property 'isIncrease' does not exist on type 'never'.
app/tools/percentage-calculator/page.tsx(250,70): error TS2339: Property 'change' does not exist on type 'never'.
app/tools/percentage-calculator/page.tsx(253,39): error TS2339: Property 'isIncrease' does not exist on type 'never'.
app/tools/percentage-calculator/page.tsx(261,73): error TS2339: Property 'original' does not exist on type 'never'.
app/tools/percentage-calculator/page.tsx(265,73): error TS2339: Property 'new' does not exist on type 'never'.
app/tools/percentage-calculator/page.tsx(269,39): error TS2339: Property 'isIncrease' does not exist on type 'never'.
app/tools/percentage-calculator/page.tsx(276,73): error TS2339: Property 'new' does not exist on type 'never'.
app/tools/percentage-calculator/page.tsx(276,86): error TS2339: Property 'original' does not exist on type 'never'.
app/tools/percentage-calculator/page.tsx(282,29): error TS2339: Property 'type' does not exist on type 'never'.
app/tools/percentage-calculator/page.tsx(287,39): error TS2339: Property 'percentage' does not exist on type 'never'.
app/tools/percentage-calculator/page.tsx(290,39): error TS2339: Property 'part' does not exist on type 'never'.
app/tools/percentage-calculator/page.tsx(290,56): error TS2339: Property 'percentage' does not exist on type 'never'.
app/tools/percentage-calculator/page.tsx(290,80): error TS2339: Property 'whole' does not exist on type 'never'.
app/tools/percentage-calculator/page.tsx(298,73): error TS2339: Property 'part' does not exist on type 'never'.
app/tools/percentage-calculator/page.tsx(302,73): error TS2339: Property 'whole' does not exist on type 'never'.
app/tools/sku-generator/page.tsx(33,11): error TS7034: Variable 'skus' implicitly has type 'any[]' in some locations where its type cannot be determined.
app/tools/sku-generator/page.tsx(81,22): error TS2345: Argument of type 'any[]' is not assignable to parameter of type 'SetStateAction<never[]>'.
  Type 'any[]' is not assignable to type 'never[]'.
    Type 'any' is not assignable to type 'never'.
app/tools/sku-generator/page.tsx(81,22): error TS7005: Variable 'skus' implicitly has an 'any[]' type.
app/tools/sku-generator/page.tsx(84,28): error TS7006: Parameter 'text' implicitly has an 'any' type.
app/tools/sku-generator/page.tsx(93,53): error TS2339: Property 'sku' does not exist on type 'never'.
app/tools/sku-generator/page.tsx(250,37): error TS2339: Property 'id' does not exist on type 'never'.
app/tools/sku-generator/page.tsx(254,36): error TS2339: Property 'sku' does not exist on type 'never'.
app/tools/sku-generator/page.tsx(257,44): error TS2339: Property 'format' does not exist on type 'never'.
app/tools/sku-generator/page.tsx(263,64): error TS2339: Property 'sku' does not exist on type 'never'.
